// Jest Snapshot v1, https://goo.gl/fbAQLP

exports[`Input renders Input component created 1`] = `
<label
  className={undefined}
>
  <input
    checked={false}
    className=""
    name="username"
    onChange={undefined}
    placeholder="input your username"
    type="text"
    value="my text"
  />
</label>
`;
